------------------------------------------------------------
Timing Analyzer Summary
------------------------------------------------------------

Type  : Slow 1100mV 85C Model Setup 'CLOCK_50'
Slack : 15.626
TNS   : 0.000

Type  : Slow 1100mV 85C Model Setup 'Audio_interface|Audio_PLL|audiopll_inst|altera_pll_i|general[0].gpll~PLL_OUTPUT_COUNTER|divclk'
Slack : 44.913
TNS   : 0.000

Type  : Slow 1100mV 85C Model Hold 'Audio_interface|Audio_PLL|audiopll_inst|altera_pll_i|general[0].gpll~PLL_OUTPUT_COUNTER|divclk'
Slack : 0.281
TNS   : 0.000

Type  : Slow 1100mV 85C Model Hold 'CLOCK_50'
Slack : 0.385
TNS   : 0.000

Type  : Slow 1100mV 85C Model Recovery 'Audio_interface|Audio_PLL|audiopll_inst|altera_pll_i|general[0].gpll~PLL_OUTPUT_COUNTER|divclk'
Slack : 50.823
TNS   : 0.000

Type  : Slow 1100mV 85C Model Removal 'Audio_interface|Audio_PLL|audiopll_inst|altera_pll_i|general[0].gpll~PLL_OUTPUT_COUNTER|divclk'
Slack : 0.646
TNS   : 0.000

Type  : Slow 1100mV 85C Model Minimum Pulse Width 'Audio_interface|Audio_PLL|audiopll_inst|altera_pll_i|general[0].gpll~FRACTIONAL_PLL|vcoph[0]'
Slack : 0.459
TNS   : 0.000

Type  : Slow 1100mV 85C Model Minimum Pulse Width 'CLOCK_50'
Slack : 8.704
TNS   : 0.000

Type  : Slow 1100mV 85C Model Minimum Pulse Width 'Audio_interface|Audio_PLL|audiopll_inst|altera_pll_i|general[0].gpll~PLL_OUTPUT_COUNTER|divclk'
Slack : 25.898
TNS   : 0.000

Type  : Slow 1100mV 0C Model Setup 'CLOCK_50'
Slack : 15.468
TNS   : 0.000

Type  : Slow 1100mV 0C Model Setup 'Audio_interface|Audio_PLL|audiopll_inst|altera_pll_i|general[0].gpll~PLL_OUTPUT_COUNTER|divclk'
Slack : 44.898
TNS   : 0.000

Type  : Slow 1100mV 0C Model Hold 'Audio_interface|Audio_PLL|audiopll_inst|altera_pll_i|general[0].gpll~PLL_OUTPUT_COUNTER|divclk'
Slack : 0.264
TNS   : 0.000

Type  : Slow 1100mV 0C Model Hold 'CLOCK_50'
Slack : 0.383
TNS   : 0.000

Type  : Slow 1100mV 0C Model Recovery 'Audio_interface|Audio_PLL|audiopll_inst|altera_pll_i|general[0].gpll~PLL_OUTPUT_COUNTER|divclk'
Slack : 50.962
TNS   : 0.000

Type  : Slow 1100mV 0C Model Removal 'Audio_interface|Audio_PLL|audiopll_inst|altera_pll_i|general[0].gpll~PLL_OUTPUT_COUNTER|divclk'
Slack : 0.549
TNS   : 0.000

Type  : Slow 1100mV 0C Model Minimum Pulse Width 'Audio_interface|Audio_PLL|audiopll_inst|altera_pll_i|general[0].gpll~FRACTIONAL_PLL|vcoph[0]'
Slack : 0.459
TNS   : 0.000

Type  : Slow 1100mV 0C Model Minimum Pulse Width 'CLOCK_50'
Slack : 8.695
TNS   : 0.000

Type  : Slow 1100mV 0C Model Minimum Pulse Width 'Audio_interface|Audio_PLL|audiopll_inst|altera_pll_i|general[0].gpll~PLL_OUTPUT_COUNTER|divclk'
Slack : 25.874
TNS   : 0.000

Type  : Fast 1100mV 85C Model Setup 'CLOCK_50'
Slack : 17.250
TNS   : 0.000

Type  : Fast 1100mV 85C Model Setup 'Audio_interface|Audio_PLL|audiopll_inst|altera_pll_i|general[0].gpll~PLL_OUTPUT_COUNTER|divclk'
Slack : 48.755
TNS   : 0.000

Type  : Fast 1100mV 85C Model Hold 'Audio_interface|Audio_PLL|audiopll_inst|altera_pll_i|general[0].gpll~PLL_OUTPUT_COUNTER|divclk'
Slack : 0.162
TNS   : 0.000

Type  : Fast 1100mV 85C Model Hold 'CLOCK_50'
Slack : 0.204
TNS   : 0.000

Type  : Fast 1100mV 85C Model Recovery 'Audio_interface|Audio_PLL|audiopll_inst|altera_pll_i|general[0].gpll~PLL_OUTPUT_COUNTER|divclk'
Slack : 52.053
TNS   : 0.000

Type  : Fast 1100mV 85C Model Removal 'Audio_interface|Audio_PLL|audiopll_inst|altera_pll_i|general[0].gpll~PLL_OUTPUT_COUNTER|divclk'
Slack : 0.446
TNS   : 0.000

Type  : Fast 1100mV 85C Model Minimum Pulse Width 'Audio_interface|Audio_PLL|audiopll_inst|altera_pll_i|general[0].gpll~FRACTIONAL_PLL|vcoph[0]'
Slack : 0.459
TNS   : 0.000

Type  : Fast 1100mV 85C Model Minimum Pulse Width 'CLOCK_50'
Slack : 8.670
TNS   : 0.000

Type  : Fast 1100mV 85C Model Minimum Pulse Width 'Audio_interface|Audio_PLL|audiopll_inst|altera_pll_i|general[0].gpll~PLL_OUTPUT_COUNTER|divclk'
Slack : 26.013
TNS   : 0.000

Type  : Fast 1100mV 0C Model Setup 'CLOCK_50'
Slack : 17.393
TNS   : 0.000

Type  : Fast 1100mV 0C Model Setup 'Audio_interface|Audio_PLL|audiopll_inst|altera_pll_i|general[0].gpll~PLL_OUTPUT_COUNTER|divclk'
Slack : 49.245
TNS   : 0.000

Type  : Fast 1100mV 0C Model Hold 'Audio_interface|Audio_PLL|audiopll_inst|altera_pll_i|general[0].gpll~PLL_OUTPUT_COUNTER|divclk'
Slack : 0.149
TNS   : 0.000

Type  : Fast 1100mV 0C Model Hold 'CLOCK_50'
Slack : 0.195
TNS   : 0.000

Type  : Fast 1100mV 0C Model Recovery 'Audio_interface|Audio_PLL|audiopll_inst|altera_pll_i|general[0].gpll~PLL_OUTPUT_COUNTER|divclk'
Slack : 52.286
TNS   : 0.000

Type  : Fast 1100mV 0C Model Removal 'Audio_interface|Audio_PLL|audiopll_inst|altera_pll_i|general[0].gpll~PLL_OUTPUT_COUNTER|divclk'
Slack : 0.359
TNS   : 0.000

Type  : Fast 1100mV 0C Model Minimum Pulse Width 'Audio_interface|Audio_PLL|audiopll_inst|altera_pll_i|general[0].gpll~FRACTIONAL_PLL|vcoph[0]'
Slack : 0.459
TNS   : 0.000

Type  : Fast 1100mV 0C Model Minimum Pulse Width 'CLOCK_50'
Slack : 8.662
TNS   : 0.000

Type  : Fast 1100mV 0C Model Minimum Pulse Width 'Audio_interface|Audio_PLL|audiopll_inst|altera_pll_i|general[0].gpll~PLL_OUTPUT_COUNTER|divclk'
Slack : 26.011
TNS   : 0.000

------------------------------------------------------------
