------------------------------------------------------------
Timing Analyzer Summary
------------------------------------------------------------

Type  : Slow 1100mV 85C Model Setup 'CLOCK_50'
Slack : 14.832
TNS   : 0.000

Type  : Slow 1100mV 85C Model Setup 'Audio_interface|Audio_PLL|audiopll_inst|altera_pll_i|general[0].gpll~PLL_OUTPUT_COUNTER|divclk'
Slack : 50.234
TNS   : 0.000

Type  : Slow 1100mV 85C Model Hold 'Audio_interface|Audio_PLL|audiopll_inst|altera_pll_i|general[0].gpll~PLL_OUTPUT_COUNTER|divclk'
Slack : 0.330
TNS   : 0.000

Type  : Slow 1100mV 85C Model Hold 'CLOCK_50'
Slack : 0.389
TNS   : 0.000

Type  : Slow 1100mV 85C Model Minimum Pulse Width 'Audio_interface|Audio_PLL|audiopll_inst|altera_pll_i|general[0].gpll~FRACTIONAL_PLL|vcoph[0]'
Slack : 0.459
TNS   : 0.000

Type  : Slow 1100mV 85C Model Minimum Pulse Width 'CLOCK_50'
Slack : 8.792
TNS   : 0.000

Type  : Slow 1100mV 85C Model Minimum Pulse Width 'Audio_interface|Audio_PLL|audiopll_inst|altera_pll_i|general[0].gpll~PLL_OUTPUT_COUNTER|divclk'
Slack : 26.423
TNS   : 0.000

Type  : Slow 1100mV 0C Model Setup 'CLOCK_50'
Slack : 14.711
TNS   : 0.000

Type  : Slow 1100mV 0C Model Setup 'Audio_interface|Audio_PLL|audiopll_inst|altera_pll_i|general[0].gpll~PLL_OUTPUT_COUNTER|divclk'
Slack : 50.264
TNS   : 0.000

Type  : Slow 1100mV 0C Model Hold 'Audio_interface|Audio_PLL|audiopll_inst|altera_pll_i|general[0].gpll~PLL_OUTPUT_COUNTER|divclk'
Slack : 0.304
TNS   : 0.000

Type  : Slow 1100mV 0C Model Hold 'CLOCK_50'
Slack : 0.383
TNS   : 0.000

Type  : Slow 1100mV 0C Model Minimum Pulse Width 'Audio_interface|Audio_PLL|audiopll_inst|altera_pll_i|general[0].gpll~FRACTIONAL_PLL|vcoph[0]'
Slack : 0.459
TNS   : 0.000

Type  : Slow 1100mV 0C Model Minimum Pulse Width 'CLOCK_50'
Slack : 8.745
TNS   : 0.000

Type  : Slow 1100mV 0C Model Minimum Pulse Width 'Audio_interface|Audio_PLL|audiopll_inst|altera_pll_i|general[0].gpll~PLL_OUTPUT_COUNTER|divclk'
Slack : 26.380
TNS   : 0.000

Type  : Fast 1100mV 85C Model Setup 'CLOCK_50'
Slack : 16.528
TNS   : 0.000

Type  : Fast 1100mV 85C Model Setup 'Audio_interface|Audio_PLL|audiopll_inst|altera_pll_i|general[0].gpll~PLL_OUTPUT_COUNTER|divclk'
Slack : 51.836
TNS   : 0.000

Type  : Fast 1100mV 85C Model Hold 'Audio_interface|Audio_PLL|audiopll_inst|altera_pll_i|general[0].gpll~PLL_OUTPUT_COUNTER|divclk'
Slack : 0.182
TNS   : 0.000

Type  : Fast 1100mV 85C Model Hold 'CLOCK_50'
Slack : 0.204
TNS   : 0.000

Type  : Fast 1100mV 85C Model Minimum Pulse Width 'Audio_interface|Audio_PLL|audiopll_inst|altera_pll_i|general[0].gpll~FRACTIONAL_PLL|vcoph[0]'
Slack : 0.459
TNS   : 0.000

Type  : Fast 1100mV 85C Model Minimum Pulse Width 'CLOCK_50'
Slack : 8.671
TNS   : 0.000

Type  : Fast 1100mV 85C Model Minimum Pulse Width 'Audio_interface|Audio_PLL|audiopll_inst|altera_pll_i|general[0].gpll~PLL_OUTPUT_COUNTER|divclk'
Slack : 26.679
TNS   : 0.000

Type  : Fast 1100mV 0C Model Setup 'CLOCK_50'
Slack : 16.782
TNS   : 0.000

Type  : Fast 1100mV 0C Model Setup 'Audio_interface|Audio_PLL|audiopll_inst|altera_pll_i|general[0].gpll~PLL_OUTPUT_COUNTER|divclk'
Slack : 52.039
TNS   : 0.000

Type  : Fast 1100mV 0C Model Hold 'Audio_interface|Audio_PLL|audiopll_inst|altera_pll_i|general[0].gpll~PLL_OUTPUT_COUNTER|divclk'
Slack : 0.172
TNS   : 0.000

Type  : Fast 1100mV 0C Model Hold 'CLOCK_50'
Slack : 0.194
TNS   : 0.000

Type  : Fast 1100mV 0C Model Minimum Pulse Width 'Audio_interface|Audio_PLL|audiopll_inst|altera_pll_i|general[0].gpll~FRACTIONAL_PLL|vcoph[0]'
Slack : 0.459
TNS   : 0.000

Type  : Fast 1100mV 0C Model Minimum Pulse Width 'CLOCK_50'
Slack : 8.639
TNS   : 0.000

Type  : Fast 1100mV 0C Model Minimum Pulse Width 'Audio_interface|Audio_PLL|audiopll_inst|altera_pll_i|general[0].gpll~PLL_OUTPUT_COUNTER|divclk'
Slack : 26.667
TNS   : 0.000

------------------------------------------------------------
