------------------------------------------------------------
Timing Analyzer Summary
------------------------------------------------------------

Type  : Slow 1100mV 85C Model Setup 'CLOCK_50'
Slack : 15.443
TNS   : 0.000

Type  : Slow 1100mV 85C Model Setup 'Audio_interface|Audio_PLL|audiopll_inst|altera_pll_i|general[0].gpll~PLL_OUTPUT_COUNTER|divclk'
Slack : 49.050
TNS   : 0.000

Type  : Slow 1100mV 85C Model Hold 'Audio_interface|Audio_PLL|audiopll_inst|altera_pll_i|general[0].gpll~PLL_OUTPUT_COUNTER|divclk'
Slack : 0.228
TNS   : 0.000

Type  : Slow 1100mV 85C Model Hold 'CLOCK_50'
Slack : 0.386
TNS   : 0.000

Type  : Slow 1100mV 85C Model Minimum Pulse Width 'Audio_interface|Audio_PLL|audiopll_inst|altera_pll_i|general[0].gpll~FRACTIONAL_PLL|vcoph[0]'
Slack : 0.459
TNS   : 0.000

Type  : Slow 1100mV 85C Model Minimum Pulse Width 'CLOCK_50'
Slack : 8.800
TNS   : 0.000

Type  : Slow 1100mV 85C Model Minimum Pulse Width 'Audio_interface|Audio_PLL|audiopll_inst|altera_pll_i|general[0].gpll~PLL_OUTPUT_COUNTER|divclk'
Slack : 25.900
TNS   : 0.000

Type  : Slow 1100mV 0C Model Setup 'CLOCK_50'
Slack : 15.546
TNS   : 0.000

Type  : Slow 1100mV 0C Model Setup 'Audio_interface|Audio_PLL|audiopll_inst|altera_pll_i|general[0].gpll~PLL_OUTPUT_COUNTER|divclk'
Slack : 48.888
TNS   : 0.000

Type  : Slow 1100mV 0C Model Hold 'Audio_interface|Audio_PLL|audiopll_inst|altera_pll_i|general[0].gpll~PLL_OUTPUT_COUNTER|divclk'
Slack : 0.214
TNS   : 0.000

Type  : Slow 1100mV 0C Model Hold 'CLOCK_50'
Slack : 0.383
TNS   : 0.000

Type  : Slow 1100mV 0C Model Minimum Pulse Width 'Audio_interface|Audio_PLL|audiopll_inst|altera_pll_i|general[0].gpll~FRACTIONAL_PLL|vcoph[0]'
Slack : 0.459
TNS   : 0.000

Type  : Slow 1100mV 0C Model Minimum Pulse Width 'CLOCK_50'
Slack : 8.760
TNS   : 0.000

Type  : Slow 1100mV 0C Model Minimum Pulse Width 'Audio_interface|Audio_PLL|audiopll_inst|altera_pll_i|general[0].gpll~PLL_OUTPUT_COUNTER|divclk'
Slack : 25.879
TNS   : 0.000

Type  : Fast 1100mV 85C Model Setup 'CLOCK_50'
Slack : 16.996
TNS   : 0.000

Type  : Fast 1100mV 85C Model Setup 'Audio_interface|Audio_PLL|audiopll_inst|altera_pll_i|general[0].gpll~PLL_OUTPUT_COUNTER|divclk'
Slack : 51.214
TNS   : 0.000

Type  : Fast 1100mV 85C Model Hold 'Audio_interface|Audio_PLL|audiopll_inst|altera_pll_i|general[0].gpll~PLL_OUTPUT_COUNTER|divclk'
Slack : 0.134
TNS   : 0.000

Type  : Fast 1100mV 85C Model Hold 'CLOCK_50'
Slack : 0.206
TNS   : 0.000

Type  : Fast 1100mV 85C Model Minimum Pulse Width 'Audio_interface|Audio_PLL|audiopll_inst|altera_pll_i|general[0].gpll~FRACTIONAL_PLL|vcoph[0]'
Slack : 0.459
TNS   : 0.000

Type  : Fast 1100mV 85C Model Minimum Pulse Width 'CLOCK_50'
Slack : 8.697
TNS   : 0.000

Type  : Fast 1100mV 85C Model Minimum Pulse Width 'Audio_interface|Audio_PLL|audiopll_inst|altera_pll_i|general[0].gpll~PLL_OUTPUT_COUNTER|divclk'
Slack : 26.014
TNS   : 0.000

Type  : Fast 1100mV 0C Model Setup 'CLOCK_50'
Slack : 17.261
TNS   : 0.000

Type  : Fast 1100mV 0C Model Setup 'Audio_interface|Audio_PLL|audiopll_inst|altera_pll_i|general[0].gpll~PLL_OUTPUT_COUNTER|divclk'
Slack : 51.451
TNS   : 0.000

Type  : Fast 1100mV 0C Model Hold 'Audio_interface|Audio_PLL|audiopll_inst|altera_pll_i|general[0].gpll~PLL_OUTPUT_COUNTER|divclk'
Slack : 0.123
TNS   : 0.000

Type  : Fast 1100mV 0C Model Hold 'CLOCK_50'
Slack : 0.192
TNS   : 0.000

Type  : Fast 1100mV 0C Model Minimum Pulse Width 'Audio_interface|Audio_PLL|audiopll_inst|altera_pll_i|general[0].gpll~FRACTIONAL_PLL|vcoph[0]'
Slack : 0.459
TNS   : 0.000

Type  : Fast 1100mV 0C Model Minimum Pulse Width 'CLOCK_50'
Slack : 8.667
TNS   : 0.000

Type  : Fast 1100mV 0C Model Minimum Pulse Width 'Audio_interface|Audio_PLL|audiopll_inst|altera_pll_i|general[0].gpll~PLL_OUTPUT_COUNTER|divclk'
Slack : 26.013
TNS   : 0.000

------------------------------------------------------------
