------------------------------------------------------------
Timing Analyzer Summary
------------------------------------------------------------

Type  : Slow 1100mV 85C Model Setup 'CLOCK_50'
Slack : 15.333
TNS   : 0.000

Type  : Slow 1100mV 85C Model Setup 'Audio_interface|Audio_PLL|audiopll_inst|altera_pll_i|general[0].gpll~PLL_OUTPUT_COUNTER|divclk'
Slack : 43.145
TNS   : 0.000

Type  : Slow 1100mV 85C Model Hold 'Audio_interface|Audio_PLL|audiopll_inst|altera_pll_i|general[0].gpll~PLL_OUTPUT_COUNTER|divclk'
Slack : 0.254
TNS   : 0.000

Type  : Slow 1100mV 85C Model Hold 'CLOCK_50'
Slack : 0.385
TNS   : 0.000

Type  : Slow 1100mV 85C Model Recovery 'Audio_interface|Audio_PLL|audiopll_inst|altera_pll_i|general[0].gpll~PLL_OUTPUT_COUNTER|divclk'
Slack : 50.357
TNS   : 0.000

Type  : Slow 1100mV 85C Model Removal 'Audio_interface|Audio_PLL|audiopll_inst|altera_pll_i|general[0].gpll~PLL_OUTPUT_COUNTER|divclk'
Slack : 1.085
TNS   : 0.000

Type  : Slow 1100mV 85C Model Minimum Pulse Width 'Audio_interface|Audio_PLL|audiopll_inst|altera_pll_i|general[0].gpll~FRACTIONAL_PLL|vcoph[0]'
Slack : 0.459
TNS   : 0.000

Type  : Slow 1100mV 85C Model Minimum Pulse Width 'CLOCK_50'
Slack : 8.811
TNS   : 0.000

Type  : Slow 1100mV 85C Model Minimum Pulse Width 'Audio_interface|Audio_PLL|audiopll_inst|altera_pll_i|general[0].gpll~PLL_OUTPUT_COUNTER|divclk'
Slack : 25.916
TNS   : 0.000

Type  : Slow 1100mV 0C Model Setup 'CLOCK_50'
Slack : 15.249
TNS   : 0.000

Type  : Slow 1100mV 0C Model Setup 'Audio_interface|Audio_PLL|audiopll_inst|altera_pll_i|general[0].gpll~PLL_OUTPUT_COUNTER|divclk'
Slack : 43.041
TNS   : 0.000

Type  : Slow 1100mV 0C Model Hold 'Audio_interface|Audio_PLL|audiopll_inst|altera_pll_i|general[0].gpll~PLL_OUTPUT_COUNTER|divclk'
Slack : 0.145
TNS   : 0.000

Type  : Slow 1100mV 0C Model Hold 'CLOCK_50'
Slack : 0.382
TNS   : 0.000

Type  : Slow 1100mV 0C Model Recovery 'Audio_interface|Audio_PLL|audiopll_inst|altera_pll_i|general[0].gpll~PLL_OUTPUT_COUNTER|divclk'
Slack : 50.506
TNS   : 0.000

Type  : Slow 1100mV 0C Model Removal 'Audio_interface|Audio_PLL|audiopll_inst|altera_pll_i|general[0].gpll~PLL_OUTPUT_COUNTER|divclk'
Slack : 0.947
TNS   : 0.000

Type  : Slow 1100mV 0C Model Minimum Pulse Width 'Audio_interface|Audio_PLL|audiopll_inst|altera_pll_i|general[0].gpll~FRACTIONAL_PLL|vcoph[0]'
Slack : 0.459
TNS   : 0.000

Type  : Slow 1100mV 0C Model Minimum Pulse Width 'CLOCK_50'
Slack : 8.783
TNS   : 0.000

Type  : Slow 1100mV 0C Model Minimum Pulse Width 'Audio_interface|Audio_PLL|audiopll_inst|altera_pll_i|general[0].gpll~PLL_OUTPUT_COUNTER|divclk'
Slack : 25.894
TNS   : 0.000

Type  : Fast 1100mV 85C Model Setup 'CLOCK_50'
Slack : 16.839
TNS   : 0.000

Type  : Fast 1100mV 85C Model Setup 'Audio_interface|Audio_PLL|audiopll_inst|altera_pll_i|general[0].gpll~PLL_OUTPUT_COUNTER|divclk'
Slack : 46.834
TNS   : 0.000

Type  : Fast 1100mV 85C Model Hold 'Audio_interface|Audio_PLL|audiopll_inst|altera_pll_i|general[0].gpll~PLL_OUTPUT_COUNTER|divclk'
Slack : 0.161
TNS   : 0.000

Type  : Fast 1100mV 85C Model Hold 'CLOCK_50'
Slack : 0.204
TNS   : 0.000

Type  : Fast 1100mV 85C Model Recovery 'Audio_interface|Audio_PLL|audiopll_inst|altera_pll_i|general[0].gpll~PLL_OUTPUT_COUNTER|divclk'
Slack : 51.630
TNS   : 0.000

Type  : Fast 1100mV 85C Model Removal 'Audio_interface|Audio_PLL|audiopll_inst|altera_pll_i|general[0].gpll~PLL_OUTPUT_COUNTER|divclk'
Slack : 0.619
TNS   : 0.000

Type  : Fast 1100mV 85C Model Minimum Pulse Width 'Audio_interface|Audio_PLL|audiopll_inst|altera_pll_i|general[0].gpll~FRACTIONAL_PLL|vcoph[0]'
Slack : 0.459
TNS   : 0.000

Type  : Fast 1100mV 85C Model Minimum Pulse Width 'CLOCK_50'
Slack : 8.746
TNS   : 0.000

Type  : Fast 1100mV 85C Model Minimum Pulse Width 'Audio_interface|Audio_PLL|audiopll_inst|altera_pll_i|general[0].gpll~PLL_OUTPUT_COUNTER|divclk'
Slack : 26.021
TNS   : 0.000

Type  : Fast 1100mV 0C Model Setup 'CLOCK_50'
Slack : 17.065
TNS   : 0.000

Type  : Fast 1100mV 0C Model Setup 'Audio_interface|Audio_PLL|audiopll_inst|altera_pll_i|general[0].gpll~PLL_OUTPUT_COUNTER|divclk'
Slack : 47.787
TNS   : 0.000

Type  : Fast 1100mV 0C Model Hold 'Audio_interface|Audio_PLL|audiopll_inst|altera_pll_i|general[0].gpll~PLL_OUTPUT_COUNTER|divclk'
Slack : 0.107
TNS   : 0.000

Type  : Fast 1100mV 0C Model Hold 'CLOCK_50'
Slack : 0.193
TNS   : 0.000

Type  : Fast 1100mV 0C Model Recovery 'Audio_interface|Audio_PLL|audiopll_inst|altera_pll_i|general[0].gpll~PLL_OUTPUT_COUNTER|divclk'
Slack : 51.923
TNS   : 0.000

Type  : Fast 1100mV 0C Model Removal 'Audio_interface|Audio_PLL|audiopll_inst|altera_pll_i|general[0].gpll~PLL_OUTPUT_COUNTER|divclk'
Slack : 0.509
TNS   : 0.000

Type  : Fast 1100mV 0C Model Minimum Pulse Width 'Audio_interface|Audio_PLL|audiopll_inst|altera_pll_i|general[0].gpll~FRACTIONAL_PLL|vcoph[0]'
Slack : 0.459
TNS   : 0.000

Type  : Fast 1100mV 0C Model Minimum Pulse Width 'CLOCK_50'
Slack : 8.713
TNS   : 0.000

Type  : Fast 1100mV 0C Model Minimum Pulse Width 'Audio_interface|Audio_PLL|audiopll_inst|altera_pll_i|general[0].gpll~PLL_OUTPUT_COUNTER|divclk'
Slack : 26.018
TNS   : 0.000

------------------------------------------------------------
