------------------------------------------------------------
Timing Analyzer Summary
------------------------------------------------------------

Type  : Slow 1100mV 85C Model Setup 'CLOCK_50'
Slack : 14.943
TNS   : 0.000

Type  : Slow 1100mV 85C Model Setup 'Audio_interface|Audio_PLL|audiopll_inst|altera_pll_i|general[0].gpll~PLL_OUTPUT_COUNTER|divclk'
Slack : 50.710
TNS   : 0.000

Type  : Slow 1100mV 85C Model Hold 'Audio_interface|Audio_PLL|audiopll_inst|altera_pll_i|general[0].gpll~PLL_OUTPUT_COUNTER|divclk'
Slack : 0.299
TNS   : 0.000

Type  : Slow 1100mV 85C Model Hold 'CLOCK_50'
Slack : 0.388
TNS   : 0.000

Type  : Slow 1100mV 85C Model Minimum Pulse Width 'Audio_interface|Audio_PLL|audiopll_inst|altera_pll_i|general[0].gpll~FRACTIONAL_PLL|vcoph[0]'
Slack : 0.459
TNS   : 0.000

Type  : Slow 1100mV 85C Model Minimum Pulse Width 'CLOCK_50'
Slack : 8.832
TNS   : 0.000

Type  : Slow 1100mV 85C Model Minimum Pulse Width 'Audio_interface|Audio_PLL|audiopll_inst|altera_pll_i|general[0].gpll~PLL_OUTPUT_COUNTER|divclk'
Slack : 26.424
TNS   : 0.000

Type  : Slow 1100mV 0C Model Setup 'CLOCK_50'
Slack : 14.800
TNS   : 0.000

Type  : Slow 1100mV 0C Model Setup 'Audio_interface|Audio_PLL|audiopll_inst|altera_pll_i|general[0].gpll~PLL_OUTPUT_COUNTER|divclk'
Slack : 50.705
TNS   : 0.000

Type  : Slow 1100mV 0C Model Hold 'Audio_interface|Audio_PLL|audiopll_inst|altera_pll_i|general[0].gpll~PLL_OUTPUT_COUNTER|divclk'
Slack : 0.279
TNS   : 0.000

Type  : Slow 1100mV 0C Model Hold 'CLOCK_50'
Slack : 0.382
TNS   : 0.000

Type  : Slow 1100mV 0C Model Minimum Pulse Width 'Audio_interface|Audio_PLL|audiopll_inst|altera_pll_i|general[0].gpll~FRACTIONAL_PLL|vcoph[0]'
Slack : 0.459
TNS   : 0.000

Type  : Slow 1100mV 0C Model Minimum Pulse Width 'CLOCK_50'
Slack : 8.793
TNS   : 0.000

Type  : Slow 1100mV 0C Model Minimum Pulse Width 'Audio_interface|Audio_PLL|audiopll_inst|altera_pll_i|general[0].gpll~PLL_OUTPUT_COUNTER|divclk'
Slack : 26.380
TNS   : 0.000

Type  : Fast 1100mV 85C Model Setup 'CLOCK_50'
Slack : 16.674
TNS   : 0.000

Type  : Fast 1100mV 85C Model Setup 'Audio_interface|Audio_PLL|audiopll_inst|altera_pll_i|general[0].gpll~PLL_OUTPUT_COUNTER|divclk'
Slack : 52.191
TNS   : 0.000

Type  : Fast 1100mV 85C Model Hold 'Audio_interface|Audio_PLL|audiopll_inst|altera_pll_i|general[0].gpll~PLL_OUTPUT_COUNTER|divclk'
Slack : 0.176
TNS   : 0.000

Type  : Fast 1100mV 85C Model Hold 'CLOCK_50'
Slack : 0.207
TNS   : 0.000

Type  : Fast 1100mV 85C Model Minimum Pulse Width 'Audio_interface|Audio_PLL|audiopll_inst|altera_pll_i|general[0].gpll~FRACTIONAL_PLL|vcoph[0]'
Slack : 0.459
TNS   : 0.000

Type  : Fast 1100mV 85C Model Minimum Pulse Width 'CLOCK_50'
Slack : 8.711
TNS   : 0.000

Type  : Fast 1100mV 85C Model Minimum Pulse Width 'Audio_interface|Audio_PLL|audiopll_inst|altera_pll_i|general[0].gpll~PLL_OUTPUT_COUNTER|divclk'
Slack : 26.679
TNS   : 0.000

Type  : Fast 1100mV 0C Model Setup 'CLOCK_50'
Slack : 16.873
TNS   : 0.000

Type  : Fast 1100mV 0C Model Setup 'Audio_interface|Audio_PLL|audiopll_inst|altera_pll_i|general[0].gpll~PLL_OUTPUT_COUNTER|divclk'
Slack : 52.343
TNS   : 0.000

Type  : Fast 1100mV 0C Model Hold 'Audio_interface|Audio_PLL|audiopll_inst|altera_pll_i|general[0].gpll~PLL_OUTPUT_COUNTER|divclk'
Slack : 0.161
TNS   : 0.000

Type  : Fast 1100mV 0C Model Hold 'CLOCK_50'
Slack : 0.194
TNS   : 0.000

Type  : Fast 1100mV 0C Model Minimum Pulse Width 'Audio_interface|Audio_PLL|audiopll_inst|altera_pll_i|general[0].gpll~FRACTIONAL_PLL|vcoph[0]'
Slack : 0.459
TNS   : 0.000

Type  : Fast 1100mV 0C Model Minimum Pulse Width 'CLOCK_50'
Slack : 8.673
TNS   : 0.000

Type  : Fast 1100mV 0C Model Minimum Pulse Width 'Audio_interface|Audio_PLL|audiopll_inst|altera_pll_i|general[0].gpll~PLL_OUTPUT_COUNTER|divclk'
Slack : 26.667
TNS   : 0.000

------------------------------------------------------------
