Analysis & Synthesis report for generate_dtmf
Tue Jan 14 11:33:46 2025
Quartus Prime Version 18.1.0 Build 625 09/12/2018 SJ Lite Edition


---------------------
; Table of Contents ;
---------------------
  1. Legal Notice
  2. Analysis & Synthesis Summary
  3. Analysis & Synthesis Settings
  4. Parallel Compilation
  5. Analysis & Synthesis Source Files Read
  6. Analysis & Synthesis Resource Usage Summary
  7. Analysis & Synthesis Resource Utilization by Entity
  8. Analysis & Synthesis RAM Summary
  9. General Register Statistics
 10. Registers Packed Into Inferred Megafunctions
 11. Multiplexer Restructuring Statistics (Restructuring Performed)
 12. Source assignments for sine_gen:LOW_FREQ|altsyncram:Mux14_rtl_0|altsyncram_r171:auto_generated
 13. Source assignments for sine_gen:HIGH_FREQ|altsyncram:Mux14_rtl_0|altsyncram_s171:auto_generated
 14. Parameter Settings for User Entity Instance: Top-level Entity: |generate_dtmf
 15. Parameter Settings for User Entity Instance: sine_gen:LOW_FREQ
 16. Parameter Settings for User Entity Instance: sine_gen:HIGH_FREQ
 17. Parameter Settings for Inferred Entity Instance: sine_gen:LOW_FREQ|altsyncram:Mux14_rtl_0
 18. Parameter Settings for Inferred Entity Instance: sine_gen:HIGH_FREQ|altsyncram:Mux14_rtl_0
 19. altsyncram Parameter Settings by Entity Instance
 20. Port Connectivity Checks: "sine_gen:HIGH_FREQ"
 21. Port Connectivity Checks: "sine_gen:LOW_FREQ"
 22. Post-Synthesis Netlist Statistics for Top Partition
 23. Elapsed Time Per Partition
 24. Analysis & Synthesis Messages



----------------
; Legal Notice ;
----------------
Copyright (C) 2018  Intel Corporation. All rights reserved.
Your use of Intel Corporation's design tools, logic functions 
and other software and tools, and its AMPP partner logic 
functions, and any output files from any of the foregoing 
(including device programming or simulation files), and any 
associated documentation or information are expressly subject 
to the terms and conditions of the Intel Program License 
Subscription Agreement, the Intel Quartus Prime License Agreement,
the Intel FPGA IP License Agreement, or other applicable license
agreement, including, without limitation, that your use is for
the sole purpose of programming logic devices manufactured by
Intel and sold by Intel or its authorized distributors.  Please
refer to the applicable agreement for further details.



+-------------------------------------------------------------------------------+
; Analysis & Synthesis Summary                                                  ;
+---------------------------------+---------------------------------------------+
; Analysis & Synthesis Status     ; Successful - Tue Jan 14 11:33:46 2025       ;
; Quartus Prime Version           ; 18.1.0 Build 625 09/12/2018 SJ Lite Edition ;
; Revision Name                   ; generate_dtmf                               ;
; Top-level Entity Name           ; generate_dtmf                               ;
; Family                          ; Cyclone V                                   ;
; Logic utilization (in ALMs)     ; N/A                                         ;
; Total registers                 ; 164                                         ;
; Total pins                      ; 29                                          ;
; Total virtual pins              ; 0                                           ;
; Total block memory bits         ; 15,360                                      ;
; Total DSP Blocks                ; 0                                           ;
; Total HSSI RX PCSs              ; 0                                           ;
; Total HSSI PMA RX Deserializers ; 0                                           ;
; Total HSSI TX PCSs              ; 0                                           ;
; Total HSSI PMA TX Serializers   ; 0                                           ;
; Total PLLs                      ; 0                                           ;
; Total DLLs                      ; 0                                           ;
+---------------------------------+---------------------------------------------+


+---------------------------------------------------------------------------------------------------------------------------+
; Analysis & Synthesis Settings                                                                                             ;
+---------------------------------------------------------------------------------+--------------------+--------------------+
; Option                                                                          ; Setting            ; Default Value      ;
+---------------------------------------------------------------------------------+--------------------+--------------------+
; Device                                                                          ; 5CSXFC6D6F31C6     ;                    ;
; Top-level entity name                                                           ; generate_dtmf      ; generate_dtmf      ;
; Family name                                                                     ; Cyclone V          ; Cyclone V          ;
; Use smart compilation                                                           ; Off                ; Off                ;
; Enable parallel Assembler and Timing Analyzer during compilation                ; On                 ; On                 ;
; Enable compact report table                                                     ; Off                ; Off                ;
; Restructure Multiplexers                                                        ; Auto               ; Auto               ;
; MLAB Add Timing Constraints For Mixed-Port Feed-Through Mode Setting Don't Care ; Off                ; Off                ;
; Create Debugging Nodes for IP Cores                                             ; Off                ; Off                ;
; Preserve fewer node names                                                       ; On                 ; On                 ;
; Intel FPGA IP Evaluation Mode                                                   ; Enable             ; Enable             ;
; Verilog Version                                                                 ; Verilog_2001       ; Verilog_2001       ;
; VHDL Version                                                                    ; VHDL_1993          ; VHDL_1993          ;
; State Machine Processing                                                        ; Auto               ; Auto               ;
; Safe State Machine                                                              ; Off                ; Off                ;
; Extract Verilog State Machines                                                  ; On                 ; On                 ;
; Extract VHDL State Machines                                                     ; On                 ; On                 ;
; Ignore Verilog initial constructs                                               ; Off                ; Off                ;
; Iteration limit for constant Verilog loops                                      ; 5000               ; 5000               ;
; Iteration limit for non-constant Verilog loops                                  ; 250                ; 250                ;
; Add Pass-Through Logic to Inferred RAMs                                         ; On                 ; On                 ;
; Infer RAMs from Raw Logic                                                       ; On                 ; On                 ;
; Parallel Synthesis                                                              ; On                 ; On                 ;
; DSP Block Balancing                                                             ; Auto               ; Auto               ;
; NOT Gate Push-Back                                                              ; On                 ; On                 ;
; Power-Up Don't Care                                                             ; On                 ; On                 ;
; Remove Redundant Logic Cells                                                    ; Off                ; Off                ;
; Remove Duplicate Registers                                                      ; On                 ; On                 ;
; Ignore CARRY Buffers                                                            ; Off                ; Off                ;
; Ignore CASCADE Buffers                                                          ; Off                ; Off                ;
; Ignore GLOBAL Buffers                                                           ; Off                ; Off                ;
; Ignore ROW GLOBAL Buffers                                                       ; Off                ; Off                ;
; Ignore LCELL Buffers                                                            ; Off                ; Off                ;
; Ignore SOFT Buffers                                                             ; On                 ; On                 ;
; Limit AHDL Integers to 32 Bits                                                  ; Off                ; Off                ;
; Optimization Technique                                                          ; Balanced           ; Balanced           ;
; Carry Chain Length                                                              ; 70                 ; 70                 ;
; Auto Carry Chains                                                               ; On                 ; On                 ;
; Auto Open-Drain Pins                                                            ; On                 ; On                 ;
; Perform WYSIWYG Primitive Resynthesis                                           ; Off                ; Off                ;
; Auto ROM Replacement                                                            ; On                 ; On                 ;
; Auto RAM Replacement                                                            ; On                 ; On                 ;
; Auto DSP Block Replacement                                                      ; On                 ; On                 ;
; Auto Shift Register Replacement                                                 ; Auto               ; Auto               ;
; Allow Shift Register Merging across Hierarchies                                 ; Auto               ; Auto               ;
; Auto Clock Enable Replacement                                                   ; On                 ; On                 ;
; Strict RAM Replacement                                                          ; Off                ; Off                ;
; Allow Synchronous Control Signals                                               ; On                 ; On                 ;
; Force Use of Synchronous Clear Signals                                          ; Off                ; Off                ;
; Auto Resource Sharing                                                           ; Off                ; Off                ;
; Allow Any RAM Size For Recognition                                              ; Off                ; Off                ;
; Allow Any ROM Size For Recognition                                              ; Off                ; Off                ;
; Allow Any Shift Register Size For Recognition                                   ; Off                ; Off                ;
; Use LogicLock Constraints during Resource Balancing                             ; On                 ; On                 ;
; Ignore translate_off and synthesis_off directives                               ; Off                ; Off                ;
; Timing-Driven Synthesis                                                         ; On                 ; On                 ;
; Report Parameter Settings                                                       ; On                 ; On                 ;
; Report Source Assignments                                                       ; On                 ; On                 ;
; Report Connectivity Checks                                                      ; On                 ; On                 ;
; Ignore Maximum Fan-Out Assignments                                              ; Off                ; Off                ;
; Synchronization Register Chain Length                                           ; 3                  ; 3                  ;
; Power Optimization During Synthesis                                             ; Normal compilation ; Normal compilation ;
; HDL message level                                                               ; Level2             ; Level2             ;
; Suppress Register Optimization Related Messages                                 ; Off                ; Off                ;
; Number of Removed Registers Reported in Synthesis Report                        ; 5000               ; 5000               ;
; Number of Swept Nodes Reported in Synthesis Report                              ; 5000               ; 5000               ;
; Number of Inverted Registers Reported in Synthesis Report                       ; 100                ; 100                ;
; Clock MUX Protection                                                            ; On                 ; On                 ;
; Auto Gated Clock Conversion                                                     ; Off                ; Off                ;
; Block Design Naming                                                             ; Auto               ; Auto               ;
; SDC constraint protection                                                       ; Off                ; Off                ;
; Synthesis Effort                                                                ; Auto               ; Auto               ;
; Shift Register Replacement - Allow Asynchronous Clear Signal                    ; On                 ; On                 ;
; Pre-Mapping Resynthesis Optimization                                            ; Off                ; Off                ;
; Analysis & Synthesis Message Level                                              ; Medium             ; Medium             ;
; Disable Register Merging Across Hierarchies                                     ; Auto               ; Auto               ;
; Resource Aware Inference For Block RAM                                          ; On                 ; On                 ;
; Automatic Parallel Synthesis                                                    ; On                 ; On                 ;
; Partial Reconfiguration Bitstream ID                                            ; Off                ; Off                ;
+---------------------------------------------------------------------------------+--------------------+--------------------+


+------------------------------------------+
; Parallel Compilation                     ;
+----------------------------+-------------+
; Processors                 ; Number      ;
+----------------------------+-------------+
; Number detected on machine ; 8           ;
; Maximum allowed            ; 4           ;
;                            ;             ;
; Average used               ; 1.00        ;
; Maximum used               ; 4           ;
;                            ;             ;
; Usage by Processor         ; % Time Used ;
;     Processor 1            ; 100.0%      ;
;     Processor 2            ;   0.0%      ;
;     Processors 3-4         ;   0.0%      ;
+----------------------------+-------------+


+------------------------------------------------------------------------------------------------------------------------------------------------------------------------------+
; Analysis & Synthesis Source Files Read                                                                                                                                       ;
+----------------------------------+-----------------+------------------------------+--------------------------------------------------------------------------------+---------+
; File Name with User-Entered Path ; Used in Netlist ; File Type                    ; File Name with Absolute Path                                                   ; Library ;
+----------------------------------+-----------------+------------------------------+--------------------------------------------------------------------------------+---------+
; ../hdl/sine_gen.vhd              ; yes             ; User VHDL File               ; C:/Source Code TA/HDL/GenerateDTMF/hdl/sine_gen.vhd                            ;         ;
; ../hdl/generate_dtmf.vhd         ; yes             ; User VHDL File               ; C:/Source Code TA/HDL/GenerateDTMF/hdl/generate_dtmf.vhd                       ;         ;
; altsyncram.tdf                   ; yes             ; Megafunction                 ; c:/intelfpga_lite/18.1/quartus/libraries/megafunctions/altsyncram.tdf          ;         ;
; stratix_ram_block.inc            ; yes             ; Megafunction                 ; c:/intelfpga_lite/18.1/quartus/libraries/megafunctions/stratix_ram_block.inc   ;         ;
; lpm_mux.inc                      ; yes             ; Megafunction                 ; c:/intelfpga_lite/18.1/quartus/libraries/megafunctions/lpm_mux.inc             ;         ;
; lpm_decode.inc                   ; yes             ; Megafunction                 ; c:/intelfpga_lite/18.1/quartus/libraries/megafunctions/lpm_decode.inc          ;         ;
; aglobal181.inc                   ; yes             ; Megafunction                 ; c:/intelfpga_lite/18.1/quartus/libraries/megafunctions/aglobal181.inc          ;         ;
; a_rdenreg.inc                    ; yes             ; Megafunction                 ; c:/intelfpga_lite/18.1/quartus/libraries/megafunctions/a_rdenreg.inc           ;         ;
; altrom.inc                       ; yes             ; Megafunction                 ; c:/intelfpga_lite/18.1/quartus/libraries/megafunctions/altrom.inc              ;         ;
; altram.inc                       ; yes             ; Megafunction                 ; c:/intelfpga_lite/18.1/quartus/libraries/megafunctions/altram.inc              ;         ;
; altdpram.inc                     ; yes             ; Megafunction                 ; c:/intelfpga_lite/18.1/quartus/libraries/megafunctions/altdpram.inc            ;         ;
; db/altsyncram_r171.tdf           ; yes             ; Auto-Generated Megafunction  ; C:/Source Code TA/HDL/GenerateDTMF/quartus_generateDTMF/db/altsyncram_r171.tdf ;         ;
; db/altsyncram_s171.tdf           ; yes             ; Auto-Generated Megafunction  ; C:/Source Code TA/HDL/GenerateDTMF/quartus_generateDTMF/db/altsyncram_s171.tdf ;         ;
+----------------------------------+-----------------+------------------------------+--------------------------------------------------------------------------------+---------+


+---------------------------------------------------------+
; Analysis & Synthesis Resource Usage Summary             ;
+---------------------------------------------+-----------+
; Resource                                    ; Usage     ;
+---------------------------------------------+-----------+
; Estimate of Logic utilization (ALMs needed) ; 143       ;
;                                             ;           ;
; Combinational ALUT usage for logic          ; 257       ;
;     -- 7 input functions                    ; 0         ;
;     -- 6 input functions                    ; 23        ;
;     -- 5 input functions                    ; 11        ;
;     -- 4 input functions                    ; 11        ;
;     -- <=3 input functions                  ; 212       ;
;                                             ;           ;
; Dedicated logic registers                   ; 164       ;
;                                             ;           ;
; I/O pins                                    ; 29        ;
; Total MLAB memory bits                      ; 0         ;
; Total block memory bits                     ; 15360     ;
;                                             ;           ;
; Total DSP Blocks                            ; 0         ;
;                                             ;           ;
; Maximum fan-out node                        ; clk~input ;
; Maximum fan-out                             ; 194       ;
; Total fan-out                               ; 1565      ;
; Average fan-out                             ; 3.07      ;
+---------------------------------------------+-----------+


+-------------------------------------------------------------------------------------------------------------------------------------------------------------------------------------------------------------------------------------------------------------------------------+
; Analysis & Synthesis Resource Utilization by Entity                                                                                                                                                                                                                           ;
+-------------------------------------------+---------------------+---------------------------+-------------------+------------+------+--------------+-----------------------------------------------------------------------------------------+-----------------+--------------+
; Compilation Hierarchy Node                ; Combinational ALUTs ; Dedicated Logic Registers ; Block Memory Bits ; DSP Blocks ; Pins ; Virtual Pins ; Full Hierarchy Name                                                                     ; Entity Name     ; Library Name ;
+-------------------------------------------+---------------------+---------------------------+-------------------+------------+------+--------------+-----------------------------------------------------------------------------------------+-----------------+--------------+
; |generate_dtmf                            ; 257 (65)            ; 164 (0)                   ; 15360             ; 0          ; 29   ; 0            ; |generate_dtmf                                                                          ; generate_dtmf   ; work         ;
;    |sine_gen:HIGH_FREQ|                   ; 96 (81)             ; 82 (82)                   ; 7680              ; 0          ; 0    ; 0            ; |generate_dtmf|sine_gen:HIGH_FREQ                                                       ; sine_gen        ; work         ;
;       |altsyncram:Mux14_rtl_0|            ; 15 (0)              ; 0 (0)                     ; 7680              ; 0          ; 0    ; 0            ; |generate_dtmf|sine_gen:HIGH_FREQ|altsyncram:Mux14_rtl_0                                ; altsyncram      ; work         ;
;          |altsyncram_s171:auto_generated| ; 15 (15)             ; 0 (0)                     ; 7680              ; 0          ; 0    ; 0            ; |generate_dtmf|sine_gen:HIGH_FREQ|altsyncram:Mux14_rtl_0|altsyncram_s171:auto_generated ; altsyncram_s171 ; work         ;
;    |sine_gen:LOW_FREQ|                    ; 96 (81)             ; 82 (82)                   ; 7680              ; 0          ; 0    ; 0            ; |generate_dtmf|sine_gen:LOW_FREQ                                                        ; sine_gen        ; work         ;
;       |altsyncram:Mux14_rtl_0|            ; 15 (0)              ; 0 (0)                     ; 7680              ; 0          ; 0    ; 0            ; |generate_dtmf|sine_gen:LOW_FREQ|altsyncram:Mux14_rtl_0                                 ; altsyncram      ; work         ;
;          |altsyncram_r171:auto_generated| ; 15 (15)             ; 0 (0)                     ; 7680              ; 0          ; 0    ; 0            ; |generate_dtmf|sine_gen:LOW_FREQ|altsyncram:Mux14_rtl_0|altsyncram_r171:auto_generated  ; altsyncram_r171 ; work         ;
+-------------------------------------------+---------------------+---------------------------+-------------------+------------+------+--------------+-----------------------------------------------------------------------------------------+-----------------+--------------+
Note: For table entries with two numbers listed, the numbers in parentheses indicate the number of resources of the given type used by the specific entity alone. The numbers listed outside of parentheses indicate the total resources of the given type used by the specific entity and all of its sub-entities in the hierarchy.


+-------------------------------------------------------------------------------------------------------------------------------------------------------------------------------------------------------------+
; Analysis & Synthesis RAM Summary                                                                                                                                                                            ;
+-------------------------------------------------------------------------------------+------+------+--------------+--------------+--------------+--------------+------+--------------------------------------+
; Name                                                                                ; Type ; Mode ; Port A Depth ; Port A Width ; Port B Depth ; Port B Width ; Size ; MIF                                  ;
+-------------------------------------------------------------------------------------+------+------+--------------+--------------+--------------+--------------+------+--------------------------------------+
; sine_gen:HIGH_FREQ|altsyncram:Mux14_rtl_0|altsyncram_s171:auto_generated|ALTSYNCRAM ; AUTO ; ROM  ; 512          ; 15           ; --           ; --           ; 7680 ; generate_dtmf.generate_dtmf1.rtl.mif ;
; sine_gen:LOW_FREQ|altsyncram:Mux14_rtl_0|altsyncram_r171:auto_generated|ALTSYNCRAM  ; AUTO ; ROM  ; 512          ; 15           ; --           ; --           ; 7680 ; generate_dtmf.generate_dtmf0.rtl.mif ;
+-------------------------------------------------------------------------------------+------+------+--------------+--------------+--------------+--------------+------+--------------------------------------+


+------------------------------------------------------+
; General Register Statistics                          ;
+----------------------------------------------+-------+
; Statistic                                    ; Value ;
+----------------------------------------------+-------+
; Total registers                              ; 164   ;
; Number of registers using Synchronous Clear  ; 164   ;
; Number of registers using Synchronous Load   ; 0     ;
; Number of registers using Asynchronous Clear ; 0     ;
; Number of registers using Asynchronous Load  ; 0     ;
; Number of registers using Clock Enable       ; 0     ;
; Number of registers using Preset             ; 0     ;
+----------------------------------------------+-------+


+----------------------------------------------------------------------------+
; Registers Packed Into Inferred Megafunctions                               ;
+------------------------------------+--------------------------------+------+
; Register Name                      ; Megafunction                   ; Type ;
+------------------------------------+--------------------------------+------+
; sine_gen:LOW_FREQ|rom_dout[0..14]  ; sine_gen:LOW_FREQ|Mux14_rtl_0  ; ROM  ;
; sine_gen:HIGH_FREQ|rom_dout[0..14] ; sine_gen:HIGH_FREQ|Mux14_rtl_0 ; ROM  ;
+------------------------------------+--------------------------------+------+


+---------------------------------------------------------------------------------------------------------------------------------------------------------------+
; Multiplexer Restructuring Statistics (Restructuring Performed)                                                                                                ;
+--------------------+-----------+---------------+----------------------+------------------------+------------+-------------------------------------------------+
; Multiplexer Inputs ; Bus Width ; Baseline Area ; Area if Restructured ; Saving if Restructured ; Registered ; Example Multiplexer Output                      ;
+--------------------+-----------+---------------+----------------------+------------------------+------------+-------------------------------------------------+
; 3:1                ; 11 bits   ; 22 LEs        ; 11 LEs               ; 11 LEs                 ; Yes        ; |generate_dtmf|sine_gen:LOW_FREQ|phase_acc[27]  ;
; 3:1                ; 11 bits   ; 22 LEs        ; 11 LEs               ; 11 LEs                 ; Yes        ; |generate_dtmf|sine_gen:HIGH_FREQ|phase_acc[31] ;
; 5:1                ; 15 bits   ; 45 LEs        ; 15 LEs               ; 30 LEs                 ; Yes        ; |generate_dtmf|sine_gen:HIGH_FREQ|data[1]       ;
; 5:1                ; 15 bits   ; 45 LEs        ; 15 LEs               ; 30 LEs                 ; Yes        ; |generate_dtmf|sine_gen:LOW_FREQ|data[13]       ;
+--------------------+-----------+---------------+----------------------+------------------------+------------+-------------------------------------------------+


+------------------------------------------------------------------------------------------------+
; Source assignments for sine_gen:LOW_FREQ|altsyncram:Mux14_rtl_0|altsyncram_r171:auto_generated ;
+---------------------------------+--------------------+------+----------------------------------+
; Assignment                      ; Value              ; From ; To                               ;
+---------------------------------+--------------------+------+----------------------------------+
; OPTIMIZE_POWER_DURING_SYNTHESIS ; NORMAL_COMPILATION ; -    ; -                                ;
+---------------------------------+--------------------+------+----------------------------------+


+-------------------------------------------------------------------------------------------------+
; Source assignments for sine_gen:HIGH_FREQ|altsyncram:Mux14_rtl_0|altsyncram_s171:auto_generated ;
+---------------------------------+--------------------+------+-----------------------------------+
; Assignment                      ; Value              ; From ; To                                ;
+---------------------------------+--------------------+------+-----------------------------------+
; OPTIMIZE_POWER_DURING_SYNTHESIS ; NORMAL_COMPILATION ; -    ; -                                 ;
+---------------------------------+--------------------+------+-----------------------------------+


+-------------------------------------------------------------------------------+
; Parameter Settings for User Entity Instance: Top-level Entity: |generate_dtmf ;
+----------------+-------+------------------------------------------------------+
; Parameter Name ; Value ; Type                                                 ;
+----------------+-------+------------------------------------------------------+
; addr_bits      ; 9     ; Signed Integer                                       ;
; data_bits      ; 16    ; Signed Integer                                       ;
+----------------+-------+------------------------------------------------------+
Note: In order to hide this table in the UI and the text report file, please set the "Show Parameter Settings in Synthesis Report" option in "Analysis and Synthesis Settings -> More Settings" to "Off".


+----------------------------------------------------------------+
; Parameter Settings for User Entity Instance: sine_gen:LOW_FREQ ;
+----------------+-------+---------------------------------------+
; Parameter Name ; Value ; Type                                  ;
+----------------+-------+---------------------------------------+
; addr_bits      ; 9     ; Signed Integer                        ;
; data_bits      ; 16    ; Signed Integer                        ;
+----------------+-------+---------------------------------------+
Note: In order to hide this table in the UI and the text report file, please set the "Show Parameter Settings in Synthesis Report" option in "Analysis and Synthesis Settings -> More Settings" to "Off".


+-----------------------------------------------------------------+
; Parameter Settings for User Entity Instance: sine_gen:HIGH_FREQ ;
+----------------+-------+----------------------------------------+
; Parameter Name ; Value ; Type                                   ;
+----------------+-------+----------------------------------------+
; addr_bits      ; 9     ; Signed Integer                         ;
; data_bits      ; 16    ; Signed Integer                         ;
+----------------+-------+----------------------------------------+
Note: In order to hide this table in the UI and the text report file, please set the "Show Parameter Settings in Synthesis Report" option in "Analysis and Synthesis Settings -> More Settings" to "Off".


+--------------------------------------------------------------------------------------------+
; Parameter Settings for Inferred Entity Instance: sine_gen:LOW_FREQ|altsyncram:Mux14_rtl_0  ;
+------------------------------------+--------------------------------------+----------------+
; Parameter Name                     ; Value                                ; Type           ;
+------------------------------------+--------------------------------------+----------------+
; BYTE_SIZE_BLOCK                    ; 8                                    ; Untyped        ;
; AUTO_CARRY_CHAINS                  ; ON                                   ; AUTO_CARRY     ;
; IGNORE_CARRY_BUFFERS               ; OFF                                  ; IGNORE_CARRY   ;
; AUTO_CASCADE_CHAINS                ; ON                                   ; AUTO_CASCADE   ;
; IGNORE_CASCADE_BUFFERS             ; OFF                                  ; IGNORE_CASCADE ;
; WIDTH_BYTEENA                      ; 1                                    ; Untyped        ;
; OPERATION_MODE                     ; ROM                                  ; Untyped        ;
; WIDTH_A                            ; 15                                   ; Untyped        ;
; WIDTHAD_A                          ; 9                                    ; Untyped        ;
; NUMWORDS_A                         ; 512                                  ; Untyped        ;
; OUTDATA_REG_A                      ; UNREGISTERED                         ; Untyped        ;
; ADDRESS_ACLR_A                     ; NONE                                 ; Untyped        ;
; OUTDATA_ACLR_A                     ; NONE                                 ; Untyped        ;
; WRCONTROL_ACLR_A                   ; NONE                                 ; Untyped        ;
; INDATA_ACLR_A                      ; NONE                                 ; Untyped        ;
; BYTEENA_ACLR_A                     ; NONE                                 ; Untyped        ;
; WIDTH_B                            ; 1                                    ; Untyped        ;
; WIDTHAD_B                          ; 1                                    ; Untyped        ;
; NUMWORDS_B                         ; 1                                    ; Untyped        ;
; INDATA_REG_B                       ; CLOCK1                               ; Untyped        ;
; WRCONTROL_WRADDRESS_REG_B          ; CLOCK1                               ; Untyped        ;
; RDCONTROL_REG_B                    ; CLOCK1                               ; Untyped        ;
; ADDRESS_REG_B                      ; CLOCK1                               ; Untyped        ;
; OUTDATA_REG_B                      ; UNREGISTERED                         ; Untyped        ;
; BYTEENA_REG_B                      ; CLOCK1                               ; Untyped        ;
; INDATA_ACLR_B                      ; NONE                                 ; Untyped        ;
; WRCONTROL_ACLR_B                   ; NONE                                 ; Untyped        ;
; ADDRESS_ACLR_B                     ; NONE                                 ; Untyped        ;
; OUTDATA_ACLR_B                     ; NONE                                 ; Untyped        ;
; RDCONTROL_ACLR_B                   ; NONE                                 ; Untyped        ;
; BYTEENA_ACLR_B                     ; NONE                                 ; Untyped        ;
; WIDTH_BYTEENA_A                    ; 1                                    ; Untyped        ;
; WIDTH_BYTEENA_B                    ; 1                                    ; Untyped        ;
; RAM_BLOCK_TYPE                     ; AUTO                                 ; Untyped        ;
; BYTE_SIZE                          ; 8                                    ; Untyped        ;
; READ_DURING_WRITE_MODE_MIXED_PORTS ; DONT_CARE                            ; Untyped        ;
; READ_DURING_WRITE_MODE_PORT_A      ; NEW_DATA_NO_NBE_READ                 ; Untyped        ;
; READ_DURING_WRITE_MODE_PORT_B      ; NEW_DATA_NO_NBE_READ                 ; Untyped        ;
; INIT_FILE                          ; generate_dtmf.generate_dtmf0.rtl.mif ; Untyped        ;
; INIT_FILE_LAYOUT                   ; PORT_A                               ; Untyped        ;
; MAXIMUM_DEPTH                      ; 0                                    ; Untyped        ;
; CLOCK_ENABLE_INPUT_A               ; NORMAL                               ; Untyped        ;
; CLOCK_ENABLE_INPUT_B               ; NORMAL                               ; Untyped        ;
; CLOCK_ENABLE_OUTPUT_A              ; NORMAL                               ; Untyped        ;
; CLOCK_ENABLE_OUTPUT_B              ; NORMAL                               ; Untyped        ;
; CLOCK_ENABLE_CORE_A                ; USE_INPUT_CLKEN                      ; Untyped        ;
; CLOCK_ENABLE_CORE_B                ; USE_INPUT_CLKEN                      ; Untyped        ;
; ENABLE_ECC                         ; FALSE                                ; Untyped        ;
; ECC_PIPELINE_STAGE_ENABLED         ; FALSE                                ; Untyped        ;
; WIDTH_ECCSTATUS                    ; 3                                    ; Untyped        ;
; DEVICE_FAMILY                      ; Cyclone V                            ; Untyped        ;
; CBXI_PARAMETER                     ; altsyncram_r171                      ; Untyped        ;
+------------------------------------+--------------------------------------+----------------+
Note: In order to hide this table in the UI and the text report file, please set the "Show Parameter Settings in Synthesis Report" option in "Analysis and Synthesis Settings -> More Settings" to "Off".


+--------------------------------------------------------------------------------------------+
; Parameter Settings for Inferred Entity Instance: sine_gen:HIGH_FREQ|altsyncram:Mux14_rtl_0 ;
+------------------------------------+--------------------------------------+----------------+
; Parameter Name                     ; Value                                ; Type           ;
+------------------------------------+--------------------------------------+----------------+
; BYTE_SIZE_BLOCK                    ; 8                                    ; Untyped        ;
; AUTO_CARRY_CHAINS                  ; ON                                   ; AUTO_CARRY     ;
; IGNORE_CARRY_BUFFERS               ; OFF                                  ; IGNORE_CARRY   ;
; AUTO_CASCADE_CHAINS                ; ON                                   ; AUTO_CASCADE   ;
; IGNORE_CASCADE_BUFFERS             ; OFF                                  ; IGNORE_CASCADE ;
; WIDTH_BYTEENA                      ; 1                                    ; Untyped        ;
; OPERATION_MODE                     ; ROM                                  ; Untyped        ;
; WIDTH_A                            ; 15                                   ; Untyped        ;
; WIDTHAD_A                          ; 9                                    ; Untyped        ;
; NUMWORDS_A                         ; 512                                  ; Untyped        ;
; OUTDATA_REG_A                      ; UNREGISTERED                         ; Untyped        ;
; ADDRESS_ACLR_A                     ; NONE                                 ; Untyped        ;
; OUTDATA_ACLR_A                     ; NONE                                 ; Untyped        ;
; WRCONTROL_ACLR_A                   ; NONE                                 ; Untyped        ;
; INDATA_ACLR_A                      ; NONE                                 ; Untyped        ;
; BYTEENA_ACLR_A                     ; NONE                                 ; Untyped        ;
; WIDTH_B                            ; 1                                    ; Untyped        ;
; WIDTHAD_B                          ; 1                                    ; Untyped        ;
; NUMWORDS_B                         ; 1                                    ; Untyped        ;
; INDATA_REG_B                       ; CLOCK1                               ; Untyped        ;
; WRCONTROL_WRADDRESS_REG_B          ; CLOCK1                               ; Untyped        ;
; RDCONTROL_REG_B                    ; CLOCK1                               ; Untyped        ;
; ADDRESS_REG_B                      ; CLOCK1                               ; Untyped        ;
; OUTDATA_REG_B                      ; UNREGISTERED                         ; Untyped        ;
; BYTEENA_REG_B                      ; CLOCK1                               ; Untyped        ;
; INDATA_ACLR_B                      ; NONE                                 ; Untyped        ;
; WRCONTROL_ACLR_B                   ; NONE                                 ; Untyped        ;
; ADDRESS_ACLR_B                     ; NONE                                 ; Untyped        ;
; OUTDATA_ACLR_B                     ; NONE                                 ; Untyped        ;
; RDCONTROL_ACLR_B                   ; NONE                                 ; Untyped        ;
; BYTEENA_ACLR_B                     ; NONE                                 ; Untyped        ;
; WIDTH_BYTEENA_A                    ; 1                                    ; Untyped        ;
; WIDTH_BYTEENA_B                    ; 1                                    ; Untyped        ;
; RAM_BLOCK_TYPE                     ; AUTO                                 ; Untyped        ;
; BYTE_SIZE                          ; 8                                    ; Untyped        ;
; READ_DURING_WRITE_MODE_MIXED_PORTS ; DONT_CARE                            ; Untyped        ;
; READ_DURING_WRITE_MODE_PORT_A      ; NEW_DATA_NO_NBE_READ                 ; Untyped        ;
; READ_DURING_WRITE_MODE_PORT_B      ; NEW_DATA_NO_NBE_READ                 ; Untyped        ;
; INIT_FILE                          ; generate_dtmf.generate_dtmf1.rtl.mif ; Untyped        ;
; INIT_FILE_LAYOUT                   ; PORT_A                               ; Untyped        ;
; MAXIMUM_DEPTH                      ; 0                                    ; Untyped        ;
; CLOCK_ENABLE_INPUT_A               ; NORMAL                               ; Untyped        ;
; CLOCK_ENABLE_INPUT_B               ; NORMAL                               ; Untyped        ;
; CLOCK_ENABLE_OUTPUT_A              ; NORMAL                               ; Untyped        ;
; CLOCK_ENABLE_OUTPUT_B              ; NORMAL                               ; Untyped        ;
; CLOCK_ENABLE_CORE_A                ; USE_INPUT_CLKEN                      ; Untyped        ;
; CLOCK_ENABLE_CORE_B                ; USE_INPUT_CLKEN                      ; Untyped        ;
; ENABLE_ECC                         ; FALSE                                ; Untyped        ;
; ECC_PIPELINE_STAGE_ENABLED         ; FALSE                                ; Untyped        ;
; WIDTH_ECCSTATUS                    ; 3                                    ; Untyped        ;
; DEVICE_FAMILY                      ; Cyclone V                            ; Untyped        ;
; CBXI_PARAMETER                     ; altsyncram_s171                      ; Untyped        ;
+------------------------------------+--------------------------------------+----------------+
Note: In order to hide this table in the UI and the text report file, please set the "Show Parameter Settings in Synthesis Report" option in "Analysis and Synthesis Settings -> More Settings" to "Off".


+---------------------------------------------------------------------------------------+
; altsyncram Parameter Settings by Entity Instance                                      ;
+-------------------------------------------+-------------------------------------------+
; Name                                      ; Value                                     ;
+-------------------------------------------+-------------------------------------------+
; Number of entity instances                ; 2                                         ;
; Entity Instance                           ; sine_gen:LOW_FREQ|altsyncram:Mux14_rtl_0  ;
;     -- OPERATION_MODE                     ; ROM                                       ;
;     -- WIDTH_A                            ; 15                                        ;
;     -- NUMWORDS_A                         ; 512                                       ;
;     -- OUTDATA_REG_A                      ; UNREGISTERED                              ;
;     -- WIDTH_B                            ; 1                                         ;
;     -- NUMWORDS_B                         ; 1                                         ;
;     -- ADDRESS_REG_B                      ; CLOCK1                                    ;
;     -- OUTDATA_REG_B                      ; UNREGISTERED                              ;
;     -- RAM_BLOCK_TYPE                     ; AUTO                                      ;
;     -- READ_DURING_WRITE_MODE_MIXED_PORTS ; DONT_CARE                                 ;
; Entity Instance                           ; sine_gen:HIGH_FREQ|altsyncram:Mux14_rtl_0 ;
;     -- OPERATION_MODE                     ; ROM                                       ;
;     -- WIDTH_A                            ; 15                                        ;
;     -- NUMWORDS_A                         ; 512                                       ;
;     -- OUTDATA_REG_A                      ; UNREGISTERED                              ;
;     -- WIDTH_B                            ; 1                                         ;
;     -- NUMWORDS_B                         ; 1                                         ;
;     -- ADDRESS_REG_B                      ; CLOCK1                                    ;
;     -- OUTDATA_REG_B                      ; UNREGISTERED                              ;
;     -- RAM_BLOCK_TYPE                     ; AUTO                                      ;
;     -- READ_DURING_WRITE_MODE_MIXED_PORTS ; DONT_CARE                                 ;
+-------------------------------------------+-------------------------------------------+


+------------------------------------------------------+
; Port Connectivity Checks: "sine_gen:HIGH_FREQ"       ;
+--------------------+-------+----------+--------------+
; Port               ; Type  ; Severity ; Details      ;
+--------------------+-------+----------+--------------+
; phase_incr[31..28] ; Input ; Info     ; Stuck at GND ;
; phase_incr[26..25] ; Input ; Info     ; Stuck at GND ;
; phase_incr[11]     ; Input ; Info     ; Stuck at GND ;
; phase_incr[6]      ; Input ; Info     ; Stuck at GND ;
+--------------------+-------+----------+--------------+


+------------------------------------------------------+
; Port Connectivity Checks: "sine_gen:LOW_FREQ"        ;
+--------------------+-------+----------+--------------+
; Port               ; Type  ; Severity ; Details      ;
+--------------------+-------+----------+--------------+
; phase_incr[31..27] ; Input ; Info     ; Stuck at GND ;
; phase_incr[22]     ; Input ; Info     ; Stuck at GND ;
+--------------------+-------+----------+--------------+


+-----------------------------------------------------+
; Post-Synthesis Netlist Statistics for Top Partition ;
+-----------------------+-----------------------------+
; Type                  ; Count                       ;
+-----------------------+-----------------------------+
; arriav_ff             ; 164                         ;
;     SCLR              ; 164                         ;
; arriav_lcell_comb     ; 257                         ;
;     arith             ; 103                         ;
;         0 data inputs ; 1                           ;
;         1 data inputs ; 36                          ;
;         2 data inputs ; 66                          ;
;     normal            ; 154                         ;
;         1 data inputs ; 30                          ;
;         2 data inputs ; 42                          ;
;         3 data inputs ; 37                          ;
;         4 data inputs ; 11                          ;
;         5 data inputs ; 11                          ;
;         6 data inputs ; 23                          ;
; boundary_port         ; 29                          ;
; stratixv_ram_block    ; 30                          ;
;                       ;                             ;
; Max LUT depth         ; 9.10                        ;
; Average LUT depth     ; 4.76                        ;
+-----------------------+-----------------------------+


+-------------------------------+
; Elapsed Time Per Partition    ;
+----------------+--------------+
; Partition Name ; Elapsed Time ;
+----------------+--------------+
; Top            ; 00:00:01     ;
+----------------+--------------+


+-------------------------------+
; Analysis & Synthesis Messages ;
+-------------------------------+
Info: *******************************************************************
Info: Running Quartus Prime Analysis & Synthesis
    Info: Version 18.1.0 Build 625 09/12/2018 SJ Lite Edition
    Info: Processing started: Tue Jan 14 11:33:28 2025
Info: Command: quartus_map --read_settings_files=on --write_settings_files=off generate_dtmf -c generate_dtmf
Warning (18236): Number of processors has not been specified which may cause overloading on shared machines.  Set the global assignment NUM_PARALLEL_PROCESSORS in your QSF to an appropriate value for best performance.
Info (20030): Parallel compilation is enabled and will use 4 of the 4 processors detected
Info (12021): Found 2 design units, including 1 entities, in source file /source code ta/hdl/generatedtmf/hdl/sine_gen.vhd
    Info (12022): Found design unit 1: sine_gen-rtl File: C:/Source Code TA/HDL/GenerateDTMF/hdl/sine_gen.vhd Line: 19
    Info (12023): Found entity 1: sine_gen File: C:/Source Code TA/HDL/GenerateDTMF/hdl/sine_gen.vhd Line: 6
Info (12021): Found 2 design units, including 1 entities, in source file /source code ta/hdl/generatedtmf/hdl/generate_dtmf.vhd
    Info (12022): Found design unit 1: generate_dtmf-rtl File: C:/Source Code TA/HDL/GenerateDTMF/hdl/generate_dtmf.vhd Line: 20
    Info (12023): Found entity 1: generate_dtmf File: C:/Source Code TA/HDL/GenerateDTMF/hdl/generate_dtmf.vhd Line: 6
Info (12127): Elaborating entity "generate_dtmf" for the top level hierarchy
Info (12129): Elaborating entity "sine_gen" using architecture "A:rtl" for hierarchy "sine_gen:LOW_FREQ" File: C:/Source Code TA/HDL/GenerateDTMF/hdl/generate_dtmf.vhd Line: 78
Warning (10542): VHDL Variable Declaration warning at math_real_vhdl1993.vhd(3004): used initial value expression for variable "NEGATIVE" because variable was never assigned a value File: c:/intelfpga_lite/18.1/quartus/libraries/vhdl/ieee/1993/math_real_vhdl1993.vhd Line: 3004
Info (19000): Inferred 2 megafunctions from design logic
    Info (276031): Inferred altsyncram megafunction from the following design logic: "sine_gen:LOW_FREQ|Mux14_rtl_0"
        Info (286033): Parameter OPERATION_MODE set to ROM
        Info (286033): Parameter WIDTH_A set to 15
        Info (286033): Parameter WIDTHAD_A set to 9
        Info (286033): Parameter NUMWORDS_A set to 512
        Info (286033): Parameter OUTDATA_REG_A set to UNREGISTERED
        Info (286033): Parameter RAM_BLOCK_TYPE set to AUTO
        Info (286033): Parameter INIT_FILE set to generate_dtmf.generate_dtmf0.rtl.mif
    Info (276031): Inferred altsyncram megafunction from the following design logic: "sine_gen:HIGH_FREQ|Mux14_rtl_0"
        Info (286033): Parameter OPERATION_MODE set to ROM
        Info (286033): Parameter WIDTH_A set to 15
        Info (286033): Parameter WIDTHAD_A set to 9
        Info (286033): Parameter NUMWORDS_A set to 512
        Info (286033): Parameter OUTDATA_REG_A set to UNREGISTERED
        Info (286033): Parameter RAM_BLOCK_TYPE set to AUTO
        Info (286033): Parameter INIT_FILE set to generate_dtmf.generate_dtmf1.rtl.mif
Info (12130): Elaborated megafunction instantiation "sine_gen:LOW_FREQ|altsyncram:Mux14_rtl_0"
Info (12133): Instantiated megafunction "sine_gen:LOW_FREQ|altsyncram:Mux14_rtl_0" with the following parameter:
    Info (12134): Parameter "OPERATION_MODE" = "ROM"
    Info (12134): Parameter "WIDTH_A" = "15"
    Info (12134): Parameter "WIDTHAD_A" = "9"
    Info (12134): Parameter "NUMWORDS_A" = "512"
    Info (12134): Parameter "OUTDATA_REG_A" = "UNREGISTERED"
    Info (12134): Parameter "RAM_BLOCK_TYPE" = "AUTO"
    Info (12134): Parameter "INIT_FILE" = "generate_dtmf.generate_dtmf0.rtl.mif"
Info (12021): Found 1 design units, including 1 entities, in source file db/altsyncram_r171.tdf
    Info (12023): Found entity 1: altsyncram_r171 File: C:/Source Code TA/HDL/GenerateDTMF/quartus_generateDTMF/db/altsyncram_r171.tdf Line: 27
Info (12130): Elaborated megafunction instantiation "sine_gen:HIGH_FREQ|altsyncram:Mux14_rtl_0"
Info (12133): Instantiated megafunction "sine_gen:HIGH_FREQ|altsyncram:Mux14_rtl_0" with the following parameter:
    Info (12134): Parameter "OPERATION_MODE" = "ROM"
    Info (12134): Parameter "WIDTH_A" = "15"
    Info (12134): Parameter "WIDTHAD_A" = "9"
    Info (12134): Parameter "NUMWORDS_A" = "512"
    Info (12134): Parameter "OUTDATA_REG_A" = "UNREGISTERED"
    Info (12134): Parameter "RAM_BLOCK_TYPE" = "AUTO"
    Info (12134): Parameter "INIT_FILE" = "generate_dtmf.generate_dtmf1.rtl.mif"
Info (12021): Found 1 design units, including 1 entities, in source file db/altsyncram_s171.tdf
    Info (12023): Found entity 1: altsyncram_s171 File: C:/Source Code TA/HDL/GenerateDTMF/quartus_generateDTMF/db/altsyncram_s171.tdf Line: 27
Info (286030): Timing-Driven Synthesis is running
Info (16010): Generating hard_block partition "hard_block:auto_generated_inst"
    Info (16011): Adding 0 node(s), including 0 DDIO, 0 PLL, 0 transceiver and 0 LCELL
Info (21057): Implemented 356 device resources after synthesis - the final resource count might be different
    Info (21058): Implemented 13 input pins
    Info (21059): Implemented 16 output pins
    Info (21061): Implemented 297 logic cells
    Info (21064): Implemented 30 RAM segments
Info: Quartus Prime Analysis & Synthesis was successful. 0 errors, 2 warnings
    Info: Peak virtual memory: 4868 megabytes
    Info: Processing ended: Tue Jan 14 11:33:46 2025
    Info: Elapsed time: 00:00:18
    Info: Total CPU time (on all processors): 00:00:38


